// Jest Snapshot v1, https://goo.gl/fbAQLP

exports[`App renders 1`] = `
<div
  className="container"
>
  <nav
    className="navbar"
  >
    <i
      className="navbar-logo fas fa-leaf"
    />
    <span>
      Habit Tracker
    </span>
    <span
      className="navbar-count"
      data-testid="total-count"
    >
      1
    </span>
  </nav>
  <form
    className="add-form"
    onSubmit={[Function]}
  >
    <input
      className="add-input"
      placeholder="new habit"
      type="text"
    />
    <button
      className="add-button"
    >
      Add
    </button>
  </form>
  <ul>
    <li
      className="habit"
    >
      <span
        className="habit-name"
        data-testid="habit-name"
      >
        Reading
      </span>
      <span
        className="habit-count"
        data-testid="habit-count"
      >
        0
      </span>
      <div
        className="button-container"
      >
        <button
          className="habit-button habit-increase"
          onClick={[Function]}
          title="increase"
        >
          <i
            className="fas fa-plus-square"
          />
        </button>
        <button
          className="habit-button habit-decrease"
          onClick={[Function]}
          title="decrease"
        >
          <i
            className="fas fa-minus-square"
          />
        </button>
        <button
          className="habit-button habit-delete"
          onClick={[Function]}
          title="delete"
        >
          <i
            className="fas fa-trash"
          />
        </button>
      </div>
    </li>
    <li
      className="habit"
    >
      <span
        className="habit-name"
        data-testid="habit-name"
      >
        Eating
      </span>
      <span
        className="habit-count"
        data-testid="habit-count"
      >
        0
      </span>
      <div
        className="button-container"
      >
        <button
          className="habit-button habit-increase"
          onClick={[Function]}
          title="increase"
        >
          <i
            className="fas fa-plus-square"
          />
        </button>
        <button
          className="habit-button habit-decrease"
          onClick={[Function]}
          title="decrease"
        >
          <i
            className="fas fa-minus-square"
          />
        </button>
        <button
          className="habit-button habit-delete"
          onClick={[Function]}
          title="delete"
        >
          <i
            className="fas fa-trash"
          />
        </button>
      </div>
    </li>
    <li
      className="habit"
    >
      <span
        className="habit-name"
        data-testid="habit-name"
      >
        Coding
      </span>
      <span
        className="habit-count"
        data-testid="habit-count"
      >
        1
      </span>
      <div
        className="button-container"
      >
        <button
          className="habit-button habit-increase"
          onClick={[Function]}
          title="increase"
        >
          <i
            className="fas fa-plus-square"
          />
        </button>
        <button
          className="habit-button habit-decrease"
          onClick={[Function]}
          title="decrease"
        >
          <i
            className="fas fa-minus-square"
          />
        </button>
        <button
          className="habit-button habit-delete"
          onClick={[Function]}
          title="delete"
        >
          <i
            className="fas fa-trash"
          />
        </button>
      </div>
    </li>
  </ul>
  <button
    className="habits-reset"
    onClick={[Function]}
  >
    Reset All
  </button>
</div>
`;
