// Jest Snapshot v1, https://goo.gl/fbAQLP

exports[`Habit component renders 1`] = `
<li
  className="habit"
>
  <span
    className="habit-name"
  >
    Habit
  </span>
  <span
    className="habit-count"
  >
    3
  </span>
  <div
    className="button-container"
  >
    <button
      className="habit-button habit-increase"
      onClick={[Function]}
      title="increase"
    >
      <i
        className="fas fa-plus-square"
      />
    </button>
    <button
      className="habit-button habit-decrease"
      onClick={[Function]}
      title="decrease"
    >
      <i
        className="fas fa-minus-square"
      />
    </button>
    <button
      className="habit-button habit-delete"
      onClick={[Function]}
      title="delete"
    >
      <i
        className="fas fa-trash"
      />
    </button>
  </div>
</li>
`;
